­ƒÅâ Esecuzione automatica test in ambiente Node...
ÔòöÔòÉÔòÉÔòÉÔòÉÔòÉÔòÉÔòÉÔòÉÔòÉÔòÉÔòÉÔòÉÔòÉÔòÉÔòÉÔòÉÔòÉÔòÉÔòÉÔòÉÔòÉÔòÉÔòÉÔòÉÔòÉÔòÉÔòÉÔòÉÔòÉÔòÉÔòÉÔòÉÔòÉÔòÉÔòÉÔòÉÔòÉÔòÉÔòÉÔòÉÔòÉÔòÉÔòÉÔòÉÔòÉÔòÉÔòÉÔòÉÔòÉÔòÉÔòÉÔòÉÔòÉÔòÉÔòÉÔòÉÔòÉÔòÉÔòÉÔòÉÔòÉÔòÉÔòÉÔòÉÔòÉÔòÉÔòÉÔòÉÔòù
Ôòæ               ­ƒº¬ TEST SUITE ESTESA - 100% COVERAGE                 Ôòæ
ÔòÜÔòÉÔòÉÔòÉÔòÉÔòÉÔòÉÔòÉÔòÉÔòÉÔòÉÔòÉÔòÉÔòÉÔòÉÔòÉÔòÉÔòÉÔòÉÔòÉÔòÉÔòÉÔòÉÔòÉÔòÉÔòÉÔòÉÔòÉÔòÉÔòÉÔòÉÔòÉÔòÉÔòÉÔòÉÔòÉÔòÉÔòÉÔòÉÔòÉÔòÉÔòÉÔòÉÔòÉÔòÉÔòÉÔòÉÔòÉÔòÉÔòÉÔòÉÔòÉÔòÉÔòÉÔòÉÔòÉÔòÉÔòÉÔòÉÔòÉÔòÉÔòÉÔòÉÔòÉÔòÉÔòÉÔòÉÔòÉÔòÉÔòØ

ÔòÉÔòÉÔòÉÔòÉÔòÉÔòÉÔòÉÔòÉÔòÉÔòÉÔòÉÔòÉÔòÉÔòÉÔòÉÔòÉÔòÉÔòÉÔòÉÔòÉÔòÉÔòÉÔòÉÔòÉÔòÉÔòÉÔòÉÔòÉÔòÉÔòÉÔòÉÔòÉÔòÉÔòÉÔòÉÔòÉÔòÉÔòÉÔòÉÔòÉÔòÉÔòÉÔòÉÔòÉÔòÉÔòÉÔòÉÔòÉÔòÉÔòÉÔòÉÔòÉÔòÉÔòÉÔòÉÔòÉÔòÉÔòÉÔòÉÔòÉÔòÉÔòÉÔòÉÔòÉÔòÉÔòÉÔòÉÔòÉÔòÉÔòÉ
­ƒº¬ Punto #1: RateLimiter - Protezione Condizione di Corsa WAL
ÔòÉÔòÉÔòÉÔòÉÔòÉÔòÉÔòÉÔòÉÔòÉÔòÉÔòÉÔòÉÔòÉÔòÉÔòÉÔòÉÔòÉÔòÉÔòÉÔòÉÔòÉÔòÉÔòÉÔòÉÔòÉÔòÉÔòÉÔòÉÔòÉÔòÉÔòÉÔòÉÔòÉÔòÉÔòÉÔòÉÔòÉÔòÉÔòÉÔòÉÔòÉÔòÉÔòÉÔòÉÔòÉÔòÉÔòÉÔòÉÔòÉÔòÉÔòÉÔòÉÔòÉÔòÉÔòÉÔòÉÔòÉÔòÉÔòÉÔòÉÔòÉÔòÉÔòÉÔòÉÔòÉÔòÉÔòÉÔòÉÔòÉÔòÉ
­ƒÜª Inizializzazione GeminiRateLimiter...
   Ô£ô Modelli caricati da CONFIG.GEMINI_MODELS
   Ô£ô Strategia caricata da CONFIG.MODEL_STRATEGY
­ƒôà Giorno Pacific cambiato (2026-02-20), reset contatori giornalieri
   (Ora italiana: 2026-02-20)
Ô£ô Contatori giornalieri resettati
Ô£ô GeminiRateLimiter inizializzato
   Modelli: flash-2.5, flash-lite, flash-2.0
   Default: flash-2.5
  Ô£à WAL persist con lock acquisito
­ƒÜª Inizializzazione GeminiRateLimiter...
   Ô£ô Modelli caricati da CONFIG.GEMINI_MODELS
   Ô£ô Strategia caricata da CONFIG.MODEL_STRATEGY
Ô£ô GeminiRateLimiter inizializzato
   Modelli: flash-2.5, flash-lite, flash-2.0
   Default: flash-2.5
node : ÔÜá´©Å WAL 
trovato - recupero 
dati dopo crash...
In riga:1 car:1
+ node 
gas_unit_tests.js > 
test_output.log 2>&1
+ ~~~~~~~~~~~~~~~~~~~
~~~~~~~~~~~~~~~~~~~~~
~~~~~
    + CategoryInfo   
           : 
NotSpecified: (Ô    
Üá´©Å WAL trov...i 
do    po 
crash...:String) [   
 ], RemoteException
    + 
FullyQualifiedError  
  Id : 
NativeCommandErr    
or
 
Ô£ô Dati recuperati da WAL con successo e cache aggiornata
  Ô£à WAL recovery da crash simulato
­ƒÜª Inizializzazione GeminiRateLimiter...
   Ô£ô Modelli caricati da CONFIG.GEMINI_MODELS
   Ô£ô Strategia caricata da CONFIG.MODEL_STRATEGY
Ô£ô GeminiRateLimiter inizializzato
   Modelli: flash-2.5, flash-lite, flash-2.0
   Default: flash-2.5
  Ô£à Simulazione persistenza concorrente (no override)
­ƒÜª Inizializzazione GeminiRateLimiter...
   Ô£ô Modelli caricati da CONFIG.GEMINI_MODELS
   Ô£ô Strategia caricata da CONFIG.MODEL_STRATEGY
Ô£ô GeminiRateLimiter inizializzato
   Modelli: flash-2.5, flash-lite, flash-2.0
   Default: flash-2.5
  Ô£à Lock timeout gestito correttamente
­ƒÜª Inizializzazione GeminiRateLimiter...
   Ô£ô Modelli caricati da CONFIG.GEMINI_MODELS
   Ô£ô Strategia caricata da CONFIG.MODEL_STRATEGY
Ô£ô GeminiRateLimiter inizializzato
   Modelli: flash-2.5, flash-lite, flash-2.0
   Default: flash-2.5
  Ô£à Verifica atomic compare-and-swap

ÔòÉÔòÉÔòÉÔòÉÔòÉÔòÉÔòÉÔòÉÔòÉÔòÉÔòÉÔòÉÔòÉÔòÉÔòÉÔòÉÔòÉÔòÉÔòÉÔòÉÔòÉÔòÉÔòÉÔòÉÔòÉÔòÉÔòÉÔòÉÔòÉÔòÉÔòÉÔòÉÔòÉÔòÉÔòÉÔòÉÔòÉÔòÉÔòÉÔòÉÔòÉÔòÉÔòÉÔòÉÔòÉÔòÉÔòÉÔòÉÔòÉÔòÉÔòÉÔòÉÔòÉÔòÉÔòÉÔòÉÔòÉÔòÉÔòÉÔòÉÔòÉÔòÉÔòÉÔòÉÔòÉÔòÉÔòÉÔòÉÔòÉÔòÉ
­ƒº¬ Punto #2: MemoryService - Validazione e Normalizzazione Timestamp
ÔòÉÔòÉÔòÉÔòÉÔòÉÔòÉÔòÉÔòÉÔòÉÔòÉÔòÉÔòÉÔòÉÔòÉÔòÉÔòÉÔòÉÔòÉÔòÉÔòÉÔòÉÔòÉÔòÉÔòÉÔòÉÔòÉÔòÉÔòÉÔòÉÔòÉÔòÉÔòÉÔòÉÔòÉÔòÉÔòÉÔòÉÔòÉÔòÉÔòÉÔòÉÔòÉÔòÉÔòÉÔòÉÔòÉÔòÉÔòÉÔòÉÔòÉÔòÉÔòÉÔòÉÔòÉÔòÉÔòÉÔòÉÔòÉÔòÉÔòÉÔòÉÔòÉÔòÉÔòÉÔòÉÔòÉÔòÉÔòÉÔòÉÔòÉ
­ƒºá Inizializzazione MemoryService (basato su Sheet)...
ÔÜá´©Å Errore 
verifica colonna 
memorySummary: this._
sheet.getMaxColumns 
is not a function
Ô£ô MemoryService inizializzato (Foglio: ConversationMemory)
  Ô£à Timestamp null ÔåÆ fallback stringa ISO
ÔÜá´©Å Timestamp 
parsing failed: 
"data-non-valida", 
reset
  Ô£à Timestamp stringa invalida ÔåÆ fallback
ÔÜá´©Å Timestamp 
non-string: number, 
reset
  Ô£à Timestamp tipo non-stringa ÔåÆ fallback
ÔÜá´©Å Timestamp 
fuori range: 2026-02-
22T20:56:38.169Z, 
reset
  Ô£à Timestamp futuro (>24h) ÔåÆ reset
ÔÜá´©Å Timestamp 
fuori range: 2019-01-
01T00:00:00.000Z, 
reset
  Ô£à Timestamp pre-2020 ÔåÆ reset
  Ô£à Timestamp valido ÔåÆ passthrough
  Ô£à Timestamp con timezone diverso ÔåÆ normalizzato
ÔÜá´©Å Timestamp 
fuori range: 1970-01-
01T00:00:00.000Z, 
reset
  Ô£à Caso limite: Timestamp epoch (1970) ÔåÆ reset

ÔòÉÔòÉÔòÉÔòÉÔòÉÔòÉÔòÉÔòÉÔòÉÔòÉÔòÉÔòÉÔòÉÔòÉÔòÉÔòÉÔòÉÔòÉÔòÉÔòÉÔòÉÔòÉÔòÉÔòÉÔòÉÔòÉÔòÉÔòÉÔòÉÔòÉÔòÉÔòÉÔòÉÔòÉÔòÉÔòÉÔòÉÔòÉÔòÉÔòÉÔòÉÔòÉÔòÉÔòÉÔòÉÔòÉÔòÉÔòÉÔòÉÔòÉÔòÉÔòÉÔòÉÔòÉÔòÉÔòÉÔòÉÔòÉÔòÉÔòÉÔòÉÔòÉÔòÉÔòÉÔòÉÔòÉÔòÉÔòÉÔòÉÔòÉ
­ƒº¬ Punto #3: TerritoryValidator - Protezione ReDoS
ÔòÉÔòÉÔòÉÔòÉÔòÉÔòÉÔòÉÔòÉÔòÉÔòÉÔòÉÔòÉÔòÉÔòÉÔòÉÔòÉÔòÉÔòÉÔòÉÔòÉÔòÉÔòÉÔòÉÔòÉÔòÉÔòÉÔòÉÔòÉÔòÉÔòÉÔòÉÔòÉÔòÉÔòÉÔòÉÔòÉÔòÉÔòÉÔòÉÔòÉÔòÉÔòÉÔòÉÔòÉÔòÉÔòÉÔòÉÔòÉÔòÉÔòÉÔòÉÔòÉÔòÉÔòÉÔòÉÔòÉÔòÉÔòÉÔòÉÔòÉÔòÉÔòÉÔòÉÔòÉÔòÉÔòÉÔòÉÔòÉÔòÉÔòÉ
­ƒôì Indirizzo rilevato: via Roma n. 10
  Ô£à Input normale (performance <100ms)
ÔÜá´©Å Input 
troncato a 1000/1000 
caratteri 
(protezione memoria)
  Ô£à Payload ReDoS bloccato (<1s)
ÔÜá´©Å Input 
troncato a 998/1000 
caratteri 
(protezione memoria)
  Ô£à Input eccessivamente lungo (>1000 caratteri) ÔåÆ troncato
  Ô£à Nome via lungo (>100 caratteri) ÔåÆ saltato
ÔÜá´©Å Input 
troncato a 999/1000 
caratteri 
(protezione memoria)
­ƒôì Indirizzo rilevato: via Roma n. 1
­ƒôì Indirizzo rilevato: via Milano n. 2
  Ô£à Limite max iterazioni (100) applicato
­ƒôì Via rilevata senza civico: via Roma
  Ô£à Pattern caso limite: via senza civico
  Ô£à Civico fuori range (>9999) ÔåÆ scartato
­ƒôì Indirizzo rilevato: via Sant'Antonio n. 10
  Ô£à Caratteri speciali nel nome via ÔåÆ gestiti

ÔòÉÔòÉÔòÉÔòÉÔòÉÔòÉÔòÉÔòÉÔòÉÔòÉÔòÉÔòÉÔòÉÔòÉÔòÉÔòÉÔòÉÔòÉÔòÉÔòÉÔòÉÔòÉÔòÉÔòÉÔòÉÔòÉÔòÉÔòÉÔòÉÔòÉÔòÉÔòÉÔòÉÔòÉÔòÉÔòÉÔòÉÔòÉÔòÉÔòÉÔòÉÔòÉÔòÉÔòÉÔòÉÔòÉÔòÉÔòÉÔòÉÔòÉÔòÉÔòÉÔòÉÔòÉÔòÉÔòÉÔòÉÔòÉÔòÉÔòÉÔòÉÔòÉÔòÉÔòÉÔòÉÔòÉÔòÉÔòÉÔòÉÔòÉ
­ƒº¬ Punto #4: MemoryService - Protezione Corsa Rilascio Lock
ÔòÉÔòÉÔòÉÔòÉÔòÉÔòÉÔòÉÔòÉÔòÉÔòÉÔòÉÔòÉÔòÉÔòÉÔòÉÔòÉÔòÉÔòÉÔòÉÔòÉÔòÉÔòÉÔòÉÔòÉÔòÉÔòÉÔòÉÔòÉÔòÉÔòÉÔòÉÔòÉÔòÉÔòÉÔòÉÔòÉÔòÉÔòÉÔòÉÔòÉÔòÉÔòÉÔòÉÔòÉÔòÉÔòÉÔòÉÔòÉÔòÉÔòÉÔòÉÔòÉÔòÉÔòÉÔòÉÔòÉÔòÉÔòÉÔòÉÔòÉÔòÉÔòÉÔòÉÔòÉÔòÉÔòÉÔòÉÔòÉÔòÉÔòÉ
­ƒºá Inizializzazione MemoryService (basato su Sheet)...
ÔÜá´©Å Errore 
verifica colonna 
memorySummary: this._
sheet.getMaxColumns 
is not a function
Ô£ô MemoryService inizializzato (Foglio: ConversationMemory)
Aggiornamento 
memoria fallito 
(Tentativo 1): this._
sheet.getRange(...).c
reateTextFinder is 
not a function
Aggiornamento 
memoria fallito 
(Tentativo 2): this._
sheet.getRange(...).c
reateTextFinder is 
not a function
Aggiornamento 
memoria fallito 
(Tentativo 3): this._
sheet.getRange(...).c
reateTextFinder is 
not a function
Aggiornamento 
memoria fallito 
(Tentativo 4): this._
sheet.getRange(...).c
reateTextFinder is 
not a function
Aggiornamento 
memoria fallito 
(Tentativo 5): this._
sheet.getRange(...).c
reateTextFinder is 
not a function
ÔØî Aggiornamento 
memoria finale 
fallito: this._sheet.
getRange(...).createT
extFinder is not a 
function
  ÔØî Lock acquisito 
e rilasciato 
correttamente
Aggiornamento 
memoria fallito 
(Tentativo 1): this._
sheet.getRange(...).c
reateTextFinder is 
not a function
Aggiornamento 
memoria fallito 
(Tentativo 2): this._
sheet.getRange(...).c
reateTextFinder is 
not a function
Aggiornamento 
memoria fallito 
(Tentativo 3): this._
sheet.getRange(...).c
reateTextFinder is 
not a function
Aggiornamento 
memoria fallito 
(Tentativo 4): this._
sheet.getRange(...).c
reateTextFinder is 
not a function
Aggiornamento 
memoria fallito 
(Tentativo 5): this._
sheet.getRange(...).c
reateTextFinder is 
not a function
ÔØî Aggiornamento 
memoria finale 
fallito: this._sheet.
getRange(...).createT
extFinder is not a 
function
  Ô£à Lock rilasciato su errore (gestione eccezioni)
Aggiornamento 
memoria fallito 
(Tentativo 1): this._
sheet.getRange(...).c
reateTextFinder is 
not a function
Aggiornamento 
memoria fallito 
(Tentativo 2): this._
sheet.getRange(...).c
reateTextFinder is 
not a function
Aggiornamento 
memoria fallito 
(Tentativo 3): this._
sheet.getRange(...).c
reateTextFinder is 
not a function
Aggiornamento 
memoria fallito 
(Tentativo 4): this._
sheet.getRange(...).c
reateTextFinder is 
not a function
Aggiornamento 
memoria fallito 
(Tentativo 5): this._
sheet.getRange(...).c
reateTextFinder is 
not a function
ÔØî Aggiornamento 
memoria finale 
fallito: this._sheet.
getRange(...).createT
extFinder is not a 
function
  ÔØî Flag lockOwned 
previene il doppio 
rilascio
Aggiornamento 
memoria fallito 
(Tentativo 1): this._
sheet.getRange(...).c
reateTextFinder is 
not a function
Aggiornamento 
memoria fallito 
(Tentativo 2): this._
sheet.getRange(...).c
reateTextFinder is 
not a function
Aggiornamento 
memoria fallito 
(Tentativo 3): this._
sheet.getRange(...).c
reateTextFinder is 
not a function
Aggiornamento 
memoria fallito 
(Tentativo 4): this._
sheet.getRange(...).c
reateTextFinder is 
not a function
Aggiornamento 
memoria fallito 
(Tentativo 5): this._
sheet.getRange(...).c
reateTextFinder is 
not a function
ÔØî Aggiornamento 
memoria finale 
fallito: this._sheet.
getRange(...).createT
extFinder is not a 
function
  ƒÆÑ Retry con lock 
gi├á posseduto: 
Aggiornamento 
memoria fallito per 
thread test-retry-177
1620998180 dopo 5 
tentativi
  ÔØî Calcolo chiave 
lock sharded

ÔòÉÔòÉÔòÉÔòÉÔòÉÔòÉÔòÉÔòÉÔòÉÔòÉÔòÉÔòÉÔòÉÔòÉÔòÉÔòÉÔòÉÔòÉÔòÉÔòÉÔòÉÔòÉÔòÉÔòÉÔòÉÔòÉÔòÉÔòÉÔòÉÔòÉÔòÉÔòÉÔòÉÔòÉÔòÉÔòÉÔòÉÔòÉÔòÉÔòÉÔòÉÔòÉÔòÉÔòÉÔòÉÔòÉÔòÉÔòÉÔòÉÔòÉÔòÉÔòÉÔòÉÔòÉÔòÉÔòÉÔòÉÔòÉÔòÉÔòÉÔòÉÔòÉÔòÉÔòÉÔòÉÔòÉÔòÉÔòÉÔòÉÔòÉ
­ƒº¬ Punto #5: GmailService - Protezione XSS e SSRF
ÔòÉÔòÉÔòÉÔòÉÔòÉÔòÉÔòÉÔòÉÔòÉÔòÉÔòÉÔòÉÔòÉÔòÉÔòÉÔòÉÔòÉÔòÉÔòÉÔòÉÔòÉÔòÉÔòÉÔòÉÔòÉÔòÉÔòÉÔòÉÔòÉÔòÉÔòÉÔòÉÔòÉÔòÉÔòÉÔòÉÔòÉÔòÉÔòÉÔòÉÔòÉÔòÉÔòÉÔòÉÔòÉÔòÉÔòÉÔòÉÔòÉÔòÉÔòÉÔòÉÔòÉÔòÉÔòÉÔòÉÔòÉÔòÉÔòÉÔòÉÔòÉÔòÉÔòÉÔòÉÔòÉÔòÉÔòÉÔòÉÔòÉÔòÉ
ƒøæ Bloccato 
protocollo 
pericoloso: 
javascript:alert(1)
  Ô£à Blocco protocollo javascript:
  Ô£à Consenti protocollo https://

ÔòÉÔòÉÔòÉÔòÉÔòÉÔòÉÔòÉÔòÉÔòÉÔòÉÔòÉÔòÉÔòÉÔòÉÔòÉÔòÉÔòÉÔòÉÔòÉÔòÉÔòÉÔòÉÔòÉÔòÉÔòÉÔòÉÔòÉÔòÉÔòÉÔòÉÔòÉÔòÉÔòÉÔòÉÔòÉÔòÉÔòÉÔòÉÔòÉÔòÉÔòÉÔòÉÔòÉÔòÉÔòÉÔòÉÔòÉÔòÉÔòÉÔòÉÔòÉÔòÉÔòÉÔòÉÔòÉÔòÉÔòÉÔòÉÔòÉÔòÉÔòÉÔòÉÔòÉÔòÉÔòÉÔòÉÔòÉÔòÉÔòÉÔòÉ
­ƒº¬ Punto #6: PromptEngine - Tracciamento Budget e Prevenzione Crescita Memoria
ÔòÉÔòÉÔòÉÔòÉÔòÉÔòÉÔòÉÔòÉÔòÉÔòÉÔòÉÔòÉÔòÉÔòÉÔòÉÔòÉÔòÉÔòÉÔòÉÔòÉÔòÉÔòÉÔòÉÔòÉÔòÉÔòÉÔòÉÔòÉÔòÉÔòÉÔòÉÔòÉÔòÉÔòÉÔòÉÔòÉÔòÉÔòÉÔòÉÔòÉÔòÉÔòÉÔòÉÔòÉÔòÉÔòÉÔòÉÔòÉÔòÉÔòÉÔòÉÔòÉÔòÉÔòÉÔòÉÔòÉÔòÉÔòÉÔòÉÔòÉÔòÉÔòÉÔòÉÔòÉÔòÉÔòÉÔòÉÔòÉÔòÉÔòÉ
ÔÜá´©Å KB eccede il 
budget (200000 
chars), tronco a 
170000
­ƒôª KB troncata: 1/1 paragrafi (95200/200000 caratteri)
­ƒôØ Prompt generato: 105957 caratteri (~26490 token) | Profilo: heavy | Saltati: 0
  Ô£à KB sovradimensionata (200KB) ÔåÆ troncata

ÔòÉÔòÉÔòÉÔòÉÔòÉÔòÉÔòÉÔòÉÔòÉÔòÉÔòÉÔòÉÔòÉÔòÉÔòÉÔòÉÔòÉÔòÉÔòÉÔòÉÔòÉÔòÉÔòÉÔòÉÔòÉÔòÉÔòÉÔòÉÔòÉÔòÉÔòÉÔòÉÔòÉÔòÉÔòÉÔòÉÔòÉÔòÉÔòÉÔòÉÔòÉÔòÉÔòÉÔòÉÔòÉÔòÉÔòÉÔòÉÔòÉÔòÉÔòÉÔòÉÔòÉÔòÉÔòÉÔòÉÔòÉÔòÉÔòÉÔòÉÔòÉÔòÉÔòÉÔòÉÔòÉÔòÉÔòÉÔòÉÔòÉÔòÉ
­ƒº¬ Punto #7: EmailProcessor - Classificazione Errori
ÔòÉÔòÉÔòÉÔòÉÔòÉÔòÉÔòÉÔòÉÔòÉÔòÉÔòÉÔòÉÔòÉÔòÉÔòÉÔòÉÔòÉÔòÉÔòÉÔòÉÔòÉÔòÉÔòÉÔòÉÔòÉÔòÉÔòÉÔòÉÔòÉÔòÉÔòÉÔòÉÔòÉÔòÉÔòÉÔòÉÔòÉÔòÉÔòÉÔòÉÔòÉÔòÉÔòÉÔòÉÔòÉÔòÉÔòÉÔòÉÔòÉÔòÉÔòÉÔòÉÔòÉÔòÉÔòÉÔòÉÔòÉÔòÉÔòÉÔòÉÔòÉÔòÉÔòÉÔòÉÔòÉÔòÉÔòÉÔòÉÔòÉÔòÉ
­ƒºá Inizializzazione Classifier...
Ô£ô Classifier inizializzato
   Filosofia: Filtra solo casi ovvi, delega il resto a Gemini
­ƒôè Inizializzazione RequestTypeClassifier...
Ô£ô RequestTypeClassifier inizializzato
­ƒöì Inizializzazione ResponseValidator...
Ô£ô ResponseValidator inizializzato
   Soglia minima validit├á: 0.6
­ƒºá Inizializzazione MemoryService (basato su Sheet)...
ÔÜá´©Å Errore 
verifica colonna 
memorySummary: this._
sheet.getMaxColumns 
is not a function
Ô£ô MemoryService inizializzato (Foglio: ConversationMemory)
ÔÜá´©Å WAL trovato - 
recupero dati dopo 
crash...
  Ô£à Classifica INVALID_ARGUMENT come FATAL

ÔòÉÔòÉÔòÉÔòÉÔòÉÔòÉÔòÉÔòÉÔòÉÔòÉÔòÉÔòÉÔòÉÔòÉÔòÉÔòÉÔòÉÔòÉÔòÉÔòÉÔòÉÔòÉÔòÉÔòÉÔòÉÔòÉÔòÉÔòÉÔòÉÔòÉÔòÉÔòÉÔòÉÔòÉÔòÉÔòÉÔòÉÔòÉÔòÉÔòÉÔòÉÔòÉÔòÉÔòÉÔòÉÔòÉÔòÉÔòÉÔòÉÔòÉÔòÉÔòÉÔòÉÔòÉÔòÉÔòÉÔòÉÔòÉÔòÉÔòÉÔòÉÔòÉÔòÉÔòÉÔòÉÔòÉÔòÉÔòÉÔòÉÔòÉ
­ƒº¬ GeminiService - Integrazione API e Controlli Qualit├á
ÔòÉÔòÉÔòÉÔòÉÔòÉÔòÉÔòÉÔòÉÔòÉÔòÉÔòÉÔòÉÔòÉÔòÉÔòÉÔòÉÔòÉÔòÉÔòÉÔòÉÔòÉÔòÉÔòÉÔòÉÔòÉÔòÉÔòÉÔòÉÔòÉÔòÉÔòÉÔòÉÔòÉÔòÉÔòÉÔòÉÔòÉÔòÉÔòÉÔòÉÔòÉÔòÉÔòÉÔòÉÔòÉÔòÉÔòÉÔòÉÔòÉÔòÉÔòÉÔòÉÔòÉÔòÉÔòÉÔòÉÔòÉÔòÉÔòÉÔòÉÔòÉÔòÉÔòÉÔòÉÔòÉÔòÉÔòÉÔòÉÔòÉÔòÉ
­ƒÜª Inizializzazione GeminiRateLimiter...
   Ô£ô Modelli caricati da CONFIG.GEMINI_MODELS
   Ô£ô Strategia caricata da CONFIG.MODEL_STRATEGY
Ô£ô Dati recuperati da WAL con successo e cache aggiornata
Ô£ô GeminiRateLimiter inizializzato
   Modelli: flash-2.5, flash-lite, flash-2.0
   Default: flash-2.5
   Punteggi lingua: EN = 0, ES = 0, PT = 0, IT = 1
   Confidenza bassa, default a italiano
  Ô£à Rilevamento lingua: Italiano
­ƒÜª Inizializzazione GeminiRateLimiter...
   Ô£ô Modelli caricati da CONFIG.GEMINI_MODELS
   Ô£ô Strategia caricata da CONFIG.MODEL_STRATEGY
Ô£ô GeminiRateLimiter inizializzato
   Modelli: flash-2.5, flash-lite, flash-2.0
   Default: flash-2.5
   Punteggi lingua: EN = 6, ES = 0, PT = 0, IT = 0
   Ô£ô Rilevato: INGLESE(punteggio: 6)
  Ô£à Rilevamento lingua: Inglese
­ƒÜª Inizializzazione GeminiRateLimiter...
   Ô£ô Modelli caricati da CONFIG.GEMINI_MODELS
   Ô£ô Strategia caricata da CONFIG.MODEL_STRATEGY
Ô£ô GeminiRateLimiter inizializzato
   Modelli: flash-2.5, flash-lite, flash-2.0
   Default: flash-2.5
   Trovato carattere portoghese (├ú, ├Á, ├º)
   Punteggi lingua: EN = 0, ES = 0, PT = 6, IT = 0
   Ô£ô Rilevato: PORTOGHESE(punteggio: 6)
  Ô£à Rilevamento lingua: Portoghese
­ƒÜª Inizializzazione GeminiRateLimiter...
   Ô£ô Modelli caricati da CONFIG.GEMINI_MODELS
   Ô£ô Strategia caricata da CONFIG.MODEL_STRATEGY
Ô£ô GeminiRateLimiter inizializzato
   Modelli: flash-2.5, flash-lite, flash-2.0
   Default: flash-2.5
   Punteggi lingua: EN = 0, ES = 0, PT = 0, IT = 1
   Confidenza bassa, default a italiano
  Ô£à Rilevamento lingua: Mista (prevalenza)
­ƒÜª Inizializzazione GeminiRateLimiter...
   Ô£ô Modelli caricati da CONFIG.GEMINI_MODELS
   Ô£ô Strategia caricata da CONFIG.MODEL_STRATEGY
Ô£ô GeminiRateLimiter inizializzato
   Modelli: flash-2.5, flash-lite, flash-2.0
   Default: flash-2.5
   Trovata punteggiatura spagnola (┬┐ o ┬í)
   Punteggi lingua: EN = 0, ES = 1, PT = 0, IT = 0
   Confidenza bassa, default a italiano
  Ô£à Rilevamento lingua: punteggiatura spagnola isolata non forza ES

ÔòÉÔòÉÔòÉÔòÉÔòÉÔòÉÔòÉÔòÉÔòÉÔòÉÔòÉÔòÉÔòÉÔòÉÔòÉÔòÉÔòÉÔòÉÔòÉÔòÉÔòÉÔòÉÔòÉÔòÉÔòÉÔòÉÔòÉÔòÉÔòÉÔòÉÔòÉÔòÉÔòÉÔòÉÔòÉÔòÉÔòÉÔòÉÔòÉÔòÉÔòÉÔòÉÔòÉÔòÉÔòÉÔòÉÔòÉÔòÉÔòÉÔòÉÔòÉÔòÉÔòÉÔòÉÔòÉÔòÉÔòÉÔòÉÔòÉÔòÉÔòÉÔòÉÔòÉÔòÉÔòÉÔòÉÔòÉÔòÉÔòÉÔòÉ
­ƒº¬ Classifier - Casi Limite e Anti-Pattern
ÔòÉÔòÉÔòÉÔòÉÔòÉÔòÉÔòÉÔòÉÔòÉÔòÉÔòÉÔòÉÔòÉÔòÉÔòÉÔòÉÔòÉÔòÉÔòÉÔòÉÔòÉÔòÉÔòÉÔòÉÔòÉÔòÉÔòÉÔòÉÔòÉÔòÉÔòÉÔòÉÔòÉÔòÉÔòÉÔòÉÔòÉÔòÉÔòÉÔòÉÔòÉÔòÉÔòÉÔòÉÔòÉÔòÉÔòÉÔòÉÔòÉÔòÉÔòÉÔòÉÔòÉÔòÉÔòÉÔòÉÔòÉÔòÉÔòÉÔòÉÔòÉÔòÉÔòÉÔòÉÔòÉÔòÉÔòÉÔòÉÔòÉÔòÉ
­ƒºá Inizializzazione Classifier...
Ô£ô Classifier inizializzato
   Filosofia: Filtra solo casi ovvi, delega il resto a Gemini
   ­ƒöì Classificando: 'Re: Info...'
      Contenuto principale: 7 caratteri
      Ô£ù Acknowledgment ultra-semplice (Ôëñ3 parole, nessuna domanda)
  Ô£à Rilevamento ringraziamento semplice
   ­ƒöì Classificando: 'Out of Office...'
      Contenuto principale: 27 caratteri
      Ô£ù Auto-risposta Out of Office rilevata
  Ô£à Rilevamento OOO (Out of Office)
   ­ƒöì Classificando: 'Info orari...'
      Contenuto principale: 58 caratteri
      Ô£ô Passa a Gemini per analisi intelligente
      ÔåÆ Suggerimento categoria: information
  Ô£à Email valida con domanda

ÔòÉÔòÉÔòÉÔòÉÔòÉÔòÉÔòÉÔòÉÔòÉÔòÉÔòÉÔòÉÔòÉÔòÉÔòÉÔòÉÔòÉÔòÉÔòÉÔòÉÔòÉÔòÉÔòÉÔòÉÔòÉÔòÉÔòÉÔòÉÔòÉÔòÉÔòÉÔòÉÔòÉÔòÉÔòÉÔòÉÔòÉÔòÉÔòÉÔòÉÔòÉÔòÉÔòÉÔòÉÔòÉÔòÉÔòÉÔòÉÔòÉÔòÉÔòÉÔòÉÔòÉÔòÉÔòÉÔòÉÔòÉÔòÉÔòÉÔòÉÔòÉÔòÉÔòÉÔòÉÔòÉÔòÉÔòÉÔòÉÔòÉÔòÉ
­ƒº¬ ResponseValidator - Controlli Qualit├á Avanzati
ÔòÉÔòÉÔòÉÔòÉÔòÉÔòÉÔòÉÔòÉÔòÉÔòÉÔòÉÔòÉÔòÉÔòÉÔòÉÔòÉÔòÉÔòÉÔòÉÔòÉÔòÉÔòÉÔòÉÔòÉÔòÉÔòÉÔòÉÔòÉÔòÉÔòÉÔòÉÔòÉÔòÉÔòÉÔòÉÔòÉÔòÉÔòÉÔòÉÔòÉÔòÉÔòÉÔòÉÔòÉÔòÉÔòÉÔòÉÔòÉÔòÉÔòÉÔòÉÔòÉÔòÉÔòÉÔòÉÔòÉÔòÉÔòÉÔòÉÔòÉÔòÉÔòÉÔòÉÔòÉÔòÉÔòÉÔòÉÔòÉÔòÉÔòÉ
­ƒöì Inizializzazione ResponseValidator...
Ô£ô ResponseValidator inizializzato
   Soglia minima validit├á: 0.6
­ƒöì Validazione risposta (83 caratteri, lingua=it)...
Ô£ô Validazione SUPERATA (punteggio: 0.77)
  Ô£à Lunghezza appropriata: normale
­ƒöì Validazione risposta (45 caratteri, lingua=it)...
­ƒ®║ Tentativo perfezionamento automatico...
   ­ƒÜ½ Nessun perfezionamento automatico applicabile.
ÔØî Validazione 
FALLITA: 1 errore/i
   1. Contiene 
placeholder: [ORARIO]
  Ô£à Contenuto proibito: placeholder rilevato
­ƒöì Validazione risposta (62 caratteri, lingua=it)...
ƒÜ¿ RILEVAMENTO 
THINKING LEAK 
(Pattern: Regex 
Match: \b(rivedendo|c
onsultando|controllan
do|verificando)\s+(la
\s+)?(knowledge 
base|kb)\b).
­ƒ®║ Tentativo perfezionamento automatico...
   ­ƒÜ½ Nessun perfezionamento automatico applicabile.
ÔØî Validazione 
FALLITA: 1 errore/i
   1. RAGIONAMENTO 
ESPOSTO RILEVATO: 
"Regex Match: \b(rive
dendo|consultando|con
trollando|verificando
)\s+(la\s+)?(knowledg
e base|kb)\b..."
  Ô£à Leak ragionamento: reasoning esposto
­ƒöì Validazione risposta (36 caratteri, lingua=it)...
Ô£ô Validazione SUPERATA (punteggio: 0.62)
  Ô£à Maiuscola dopo virgola: errore rilevato
­ƒöì Inizializzazione ResponseValidator...
Ô£ô ResponseValidator inizializzato
   Soglia minima validit├á: 0.6
­ƒöì Validazione risposta (572 caratteri, lingua=it)...
­ƒ®║ Tentativo perfezionamento automatico...
   ­ƒÜ½ Nessun perfezionamento automatico applicabile.
  Ô£à Punto 9b: Thinking leak rilevato anche oltre 500 caratteri

ÔòöÔòÉÔòÉÔòÉÔòÉÔòÉÔòÉÔòÉÔòÉÔòÉÔòÉÔòÉÔòÉÔòÉÔòÉÔòÉÔòÉÔòÉÔòÉÔòÉÔòÉÔòÉÔòÉÔòÉÔòÉÔòÉÔòÉÔòÉÔòÉÔòÉÔòÉÔòÉÔòÉÔòÉÔòÉÔòÉÔòÉÔòÉÔòÉÔòÉÔòÉÔòÉÔòÉÔòÉÔòÉÔòÉÔòÉÔòÉÔòÉÔòÉÔòÉÔòÉÔòÉÔòÉÔòÉÔòÉÔòÉÔòÉÔòÉÔòÉÔòÉÔòÉÔòÉÔòÉÔòÉÔòÉÔòÉÔòÉÔòÉÔòù
Ôòæ                    ­ƒôè RISULTATI FINALI                            Ôòæ
ÔòáÔòÉÔòÉÔòÉÔòÉÔòÉÔòÉÔòÉÔòÉÔòÉÔòÉÔòÉÔòÉÔòÉÔòÉÔòÉÔòÉÔòÉÔòÉÔòÉÔòÉÔòÉÔòÉÔòÉÔòÉÔòÉÔòÉÔòÉÔòÉÔòÉÔòÉÔòÉÔòÉÔòÉÔòÉÔòÉÔòÉÔòÉÔòÉÔòÉÔòÉÔòÉÔòÉÔòÉÔòÉÔòÉÔòÉÔòÉÔòÉÔòÉÔòÉÔòÉÔòÉÔòÉÔòÉÔòÉÔòÉÔòÉÔòÉÔòÉÔòÉÔòÉÔòÉÔòÉÔòÉÔòÉÔòÉÔòÉÔòÉÔòú
Ôòæ  Totale Test:      43                                               Ôòæ
Ôòæ  Ô£à Superati:      39                                               Ôòæ
Ôòæ  ÔØî Falliti:       4                                                Ôòæ
Ôòæ  Percentuale:      90.7%                                           Ôòæ
Ôòæ  Durata:           179ms                                           Ôòæ
ÔòÜÔòÉÔòÉÔòÉÔòÉÔòÉÔòÉÔòÉÔòÉÔòÉÔòÉÔòÉÔòÉÔòÉÔòÉÔòÉÔòÉÔòÉÔòÉÔòÉÔòÉÔòÉÔòÉÔòÉÔòÉÔòÉÔòÉÔòÉÔòÉÔòÉÔòÉÔòÉÔòÉÔòÉÔòÉÔòÉÔòÉÔòÉÔòÉÔòÉÔòÉÔòÉÔòÉÔòÉÔòÉÔòÉÔòÉÔòÉÔòÉÔòÉÔòÉÔòÉÔòÉÔòÉÔòÉÔòÉÔòÉÔòÉÔòÉÔòÉÔòÉÔòÉÔòÉÔòÉÔòÉÔòÉÔòÉÔòÉÔòÉÔòØ
ƒÜ¿ RILEVAMENTO 
THINKING LEAK 
(Pattern: Regex 
Match: \b(ho\s+)?dedo
tt[oaie]?\b[^.\n]{0,1
20}\b(knowledge 
base|kb)\b).
ÔØî Validazione 
FALLITA: 1 errore/i
   1. RAGIONAMENTO 
ESPOSTO RILEVATO: 
"Regex Match: \b(ho\s
+)?dedott[oaie]?\b[^.
\n]{0,120}\b(knowledg
e base|kb)\b..."
