­ƒöì Match esatto trovato: 'via giovanni vincenzo gravina'
­ƒôì Indirizzo rilevato: via Roma n. 10A
­ƒôì Indirizzo rilevato: via Roma n. 10B
PASS territory abbreviations
PASS civic normalization (normalizeCivic)
PASS civic deduplication (10A vs 10B)
PASS classifyError: quota/429 ÔåÆ retryable
PASS classifyError: API key/invalid ÔåÆ non-retryable
PASS portuguese special greeting
­ƒñû Chiamata gemini-2.5-flash (prompt: 11 caratteri)...
Ô£ô Generati 5 caratteri (da 1 parti)
PASS gemini DI + mock fetch
­ƒñû Chiamata gemini-2.5-flash (prompt: 11 caratteri)...
PASS gemini contract: 429 ÔåÆ errore propagato
­ƒñû Chiamata gemini-2.5-flash (prompt: 11 caratteri)...
PASS gemini contract: malformed JSON ÔåÆ errore parse
­ƒñû Chiamata gemini-2.5-flash (prompt: 11 caratteri)...
PASS gemini contract: no candidates ÔåÆ errore semantico
├░┼©ÔÇØ┬ì Inizializzazione ResponseValidator...
├ó┼ôÔÇ£ ResponseValidator inizializzato
   Soglia minima validit├â┬á: 0.6
PASS validator: check lunghezza
├░┼©ÔÇØ┬ì Inizializzazione ResponseValidator...
├ó┼ôÔÇ£ ResponseValidator inizializzato
   Soglia minima validit├â┬á: 0.6
PASS validator: contenuto vietato + placeholder
├░┼©ÔÇØ┬ì Inizializzazione ResponseValidator...
├ó┼ôÔÇ£ ResponseValidator inizializzato
   Soglia minima validit├â┬á: 0.6
PASS validator: consistenza lingua
PASS computeSalutationMode: primo/reply/vecchio
├░┼©ÔÇØÔÇÖ Lock saltato per thread thread-loop (chiamante ha gi├â┬á lock)

├░┼©ÔÇ£┬º Elaborazione: Info...
   Da: utente@example.com (Utente)
   ├ó┼á╦£ Saltato: probabile loop email (12 esterni consecutivi)
PASS anti-loop: thread lungo con esterni consecutivi
PASS computeResponseDelay: recente/vecchio/nullo
├░┼©┼í┬½ Ignorato: auto-reply o notifica di sistema
├░┼©┼í┬½ Ignorato: auto-reply o notifica di sistema
PASS _shouldIgnoreEmail: no-reply/reale/ooo
├░┼©ÔÇ£┬Ø Prompt generato: 91105 caratteri (~22777 token) | Profilo: lite | Saltati: 4
PASS prompt lite: budget token e sezioni ridotte
├░┼©ÔÇ£┼á Inizializzazione RequestTypeClassifier...
├ó┼ôÔÇ£ RequestTypeClassifier inizializzato
├░┼©ÔÇØ┬ì Inizializzazione ResponseValidator...
├ó┼ôÔÇ£ ResponseValidator inizializzato
   Soglia minima validit├â┬á: 0.6
   ├░┼©ÔÇ£┼á Classificazione: TECHNICAL (Tono: Professionale)
      Dims: T=0.00 P=0.00 D=0.00 F=0.00
      Emotion=Low, Complex=Low
├░┼©ÔÇ£┬Ø Prompt generato: 15071 caratteri (~3768 token) | Profilo: standard | Saltati: 1
├░┼©ÔÇØ┬ì Validazione risposta (58 caratteri, lingua=en)...
├ó┼ôÔÇ£ Validazione SUPERATA (punteggio: 0.81)
   ├░┼©ÔÇ£┼á Classificazione: TECHNICAL (Tono: Professionale)
      Dims: T=0.00 P=0.00 D=0.00 F=0.00
      Emotion=Low, Complex=Low
├░┼©ÔÇ£┬Ø Prompt generato: 15045 caratteri (~3762 token) | Profilo: standard | Saltati: 1
├░┼©ÔÇØ┬ì Validazione risposta (85 caratteri, lingua=es)...
├ó┼ôÔÇ£ Validazione SUPERATA (punteggio: 0.81)
   ├░┼©ÔÇ£┼á Classificazione: TECHNICAL (Tono: Professionale)
      Dims: T=0.00 P=0.00 D=0.00 F=0.00
      Emotion=Low, Complex=Low
├░┼©ÔÇ£┬Ø Prompt generato: 17660 caratteri (~4415 token) | Profilo: standard | Saltati: 1
├░┼©ÔÇØ┬ì Validazione risposta (77 caratteri, lingua=pt)...
├ó┼ôÔÇ£ Validazione SUPERATA (punteggio: 0.85)
   ├░┼©ÔÇ£┼á Classificazione: TECHNICAL (Tono: Professionale)
      Dims: T=0.80 P=0.00 D=0.00 F=0.00
      Emotion=Low, Complex=Low
├░┼©ÔÇ£┬Ø Prompt generato: 8385 caratteri (~2097 token) | Profilo: lite | Saltati: 4
├░┼©ÔÇØ┬ì Validazione risposta (77 caratteri, lingua=it)...
├ó┼ôÔÇ£ Validazione SUPERATA (punteggio: 0.77)
   ├░┼©ÔÇ£┼á Classificazione: TECHNICAL (Tono: Professionale)
      Dims: T=0.00 P=0.00 D=0.00 F=0.00
      Emotion=Low, Complex=Low
├░┼©ÔÇ£┬Ø Prompt generato: 15909 caratteri (~3978 token) | Profilo: standard | Saltati: 1
├░┼©ÔÇØ┬ì Validazione risposta (58 caratteri, lingua=en)...
├ó┼ôÔÇ£ Validazione SUPERATA (punteggio: 0.81)
   ├░┼©ÔÇ£┼á Classificazione: TECHNICAL (Tono: Professionale)
      Dims: T=0.00 P=0.00 D=0.00 F=0.00
      Emotion=Low, Complex=Low
├░┼©ÔÇ£┬Ø Prompt generato: 17877 caratteri (~4470 token) | Profilo: standard | Saltati: 1
├░┼©ÔÇØ┬ì Validazione risposta (85 caratteri, lingua=es)...
├ó┼ôÔÇ£ Validazione SUPERATA (punteggio: 0.85)
   ├░┼©ÔÇ£┼á Classificazione: TECHNICAL (Tono: Professionale)
      Dims: T=0.00 P=0.00 D=0.00 F=0.00
      Emotion=Low, Complex=Low
├░┼©ÔÇ£┬Ø Prompt generato: 14828 caratteri (~3707 token) | Profilo: standard | Saltati: 1
├░┼©ÔÇØ┬ì Validazione risposta (77 caratteri, lingua=pt)...
├ó┼ôÔÇ£ Validazione SUPERATA (punteggio: 0.81)
   ├░┼©ÔÇ£┼á Classificazione: TECHNICAL (Tono: Professionale)
      Dims: T=0.80 P=0.00 D=0.00 F=0.00
      Emotion=Low, Complex=Low
├░┼©ÔÇ£┬Ø Prompt generato: 8385 caratteri (~2097 token) | Profilo: lite | Saltati: 4
├░┼©ÔÇØ┬ì Validazione risposta (77 caratteri, lingua=it)...
├ó┼ôÔÇ£ Validazione SUPERATA (punteggio: 0.77)
   ├░┼©ÔÇ£┼á Classificazione: TECHNICAL (Tono: Professionale)
      Dims: T=0.00 P=0.00 D=0.00 F=0.00
      Emotion=Low, Complex=Low
├░┼©ÔÇ£┬Ø Prompt generato: 17903 caratteri (~4476 token) | Profilo: standard | Saltati: 1
├░┼©ÔÇØ┬ì Validazione risposta (58 caratteri, lingua=en)...
├ó┼ôÔÇ£ Validazione SUPERATA (punteggio: 0.85)
   ├░┼©ÔÇ£┼á Classificazione: TECHNICAL (Tono: Professionale)
      Dims: T=0.00 P=0.00 D=0.00 F=0.00
      Emotion=Low, Complex=Low
├░┼©ÔÇ£┬Ø Prompt generato: 15881 caratteri (~3971 token) | Profilo: standard | Saltati: 1
├░┼©ÔÇØ┬ì Validazione risposta (85 caratteri, lingua=es)...
├ó┼ôÔÇ£ Validazione SUPERATA (punteggio: 0.81)
   ├░┼©ÔÇ£┼á Classificazione: TECHNICAL (Tono: Professionale)
      Dims: T=0.00 P=0.00 D=0.00 F=0.00
      Emotion=Low, Complex=Low
├░┼©ÔÇ£┬Ø Prompt generato: 14828 caratteri (~3707 token) | Profilo: standard | Saltati: 1
├░┼©ÔÇØ┬ì Validazione risposta (77 caratteri, lingua=pt)...
├ó┼ôÔÇ£ Validazione SUPERATA (punteggio: 0.81)
   ├░┼©ÔÇ£┼á Classificazione: TECHNICAL (Tono: Professionale)
      Dims: T=0.80 P=0.00 D=0.00 F=0.00
      Emotion=Low, Complex=Low
├░┼©ÔÇ£┬Ø Prompt generato: 11217 caratteri (~2805 token) | Profilo: lite | Saltati: 4
├░┼©ÔÇØ┬ì Validazione risposta (77 caratteri, lingua=it)...
├ó┼ôÔÇ£ Validazione SUPERATA (punteggio: 0.81)
   ├░┼©ÔÇ£┼á Classificazione: TECHNICAL (Tono: Professionale)
      Dims: T=0.00 P=0.00 D=0.00 F=0.00
      Emotion=Low, Complex=Low
├░┼©ÔÇ£┬Ø Prompt generato: 15071 caratteri (~3768 token) | Profilo: standard | Saltati: 1
├░┼©ÔÇØ┬ì Validazione risposta (58 caratteri, lingua=en)...
├ó┼ôÔÇ£ Validazione SUPERATA (punteggio: 0.81)
   ├░┼©ÔÇ£┼á Classificazione: TECHNICAL (Tono: Professionale)
      Dims: T=0.00 P=0.00 D=0.00 F=0.00
      Emotion=Low, Complex=Low
├░┼©ÔÇ£┬Ø Prompt generato: 15045 caratteri (~3762 token) | Profilo: standard | Saltati: 1
├░┼©ÔÇØ┬ì Validazione risposta (85 caratteri, lingua=es)...
├ó┼ôÔÇ£ Validazione SUPERATA (punteggio: 0.81)
   ├░┼©ÔÇ£┼á Classificazione: TECHNICAL (Tono: Professionale)
      Dims: T=0.00 P=0.00 D=0.00 F=0.00
      Emotion=Low, Complex=Low
├░┼©ÔÇ£┬Ø Prompt generato: 18496 caratteri (~4624 token) | Profilo: standard | Saltati: 1
├░┼©ÔÇØ┬ì Validazione risposta (77 caratteri, lingua=pt)...
├ó┼ôÔÇ£ Validazione SUPERATA (punteggio: 0.85)
   ├░┼©ÔÇ£┼á Classificazione: TECHNICAL (Tono: Professionale)
      Dims: T=0.80 P=0.00 D=0.00 F=0.00
      Emotion=Low, Complex=Low
├░┼©ÔÇ£┬Ø Prompt generato: 8385 caratteri (~2097 token) | Profilo: lite | Saltati: 4
├░┼©ÔÇØ┬ì Validazione risposta (77 caratteri, lingua=it)...
├ó┼ôÔÇ£ Validazione SUPERATA (punteggio: 0.77)
   ├░┼©ÔÇ£┼á Classificazione: TECHNICAL (Tono: Professionale)
      Dims: T=0.00 P=0.00 D=0.00 F=0.00
      Emotion=Low, Complex=Low
├░┼©ÔÇ£┬Ø Prompt generato: 15071 caratteri (~3768 token) | Profilo: standard | Saltati: 1
├░┼©ÔÇØ┬ì Validazione risposta (58 caratteri, lingua=en)...
├ó┼ôÔÇ£ Validazione SUPERATA (punteggio: 0.81)
   ├░┼©ÔÇ£┼á Classificazione: TECHNICAL (Tono: Professionale)
      Dims: T=0.00 P=0.00 D=0.00 F=0.00
      Emotion=Low, Complex=Low
├░┼©ÔÇ£┬Ø Prompt generato: 17877 caratteri (~4470 token) | Profilo: standard | Saltati: 1
├░┼©ÔÇØ┬ì Validazione risposta (85 caratteri, lingua=es)...
├ó┼ôÔÇ£ Validazione SUPERATA (punteggio: 0.85)
   ├░┼©ÔÇ£┼á Classificazione: TECHNICAL (Tono: Professionale)
      Dims: T=0.00 P=0.00 D=0.00 F=0.00
      Emotion=Low, Complex=Low
├░┼©ÔÇ£┬Ø Prompt generato: 14828 caratteri (~3707 token) | Profilo: standard | Saltati: 1
├░┼©ÔÇØ┬ì Validazione risposta (77 caratteri, lingua=pt)...
├ó┼ôÔÇ£ Validazione SUPERATA (punteggio: 0.81)
   ├░┼©ÔÇ£┼á Classificazione: TECHNICAL (Tono: Professionale)
      Dims: T=0.80 P=0.00 D=0.00 F=0.00
      Emotion=Low, Complex=Low
├░┼©ÔÇ£┬Ø Prompt generato: 9222 caratteri (~2306 token) | Profilo: lite | Saltati: 4
├░┼©ÔÇØ┬ì Validazione risposta (77 caratteri, lingua=it)...
├ó┼ôÔÇ£ Validazione SUPERATA (punteggio: 0.77)
   ├░┼©ÔÇ£┼á Classificazione: TECHNICAL (Tono: Professionale)
      Dims: T=0.00 P=0.00 D=0.00 F=0.00
      Emotion=Low, Complex=Low
├░┼©ÔÇ£┬Ø Prompt generato: 17903 caratteri (~4476 token) | Profilo: standard | Saltati: 1
├░┼©ÔÇØ┬ì Validazione risposta (58 caratteri, lingua=en)...
├ó┼ôÔÇ£ Validazione SUPERATA (punteggio: 0.85)
   ├░┼©ÔÇ£┼á Classificazione: TECHNICAL (Tono: Professionale)
      Dims: T=0.00 P=0.00 D=0.00 F=0.00
      Emotion=Low, Complex=Low
├░┼©ÔÇ£┬Ø Prompt generato: 15045 caratteri (~3762 token) | Profilo: standard | Saltati: 1
├░┼©ÔÇØ┬ì Validazione risposta (85 caratteri, lingua=es)...
├ó┼ôÔÇ£ Validazione SUPERATA (punteggio: 0.81)
   ├░┼©ÔÇ£┼á Classificazione: TECHNICAL (Tono: Professionale)
      Dims: T=0.00 P=0.00 D=0.00 F=0.00
      Emotion=Low, Complex=Low
├░┼©ÔÇ£┬Ø Prompt generato: 14828 caratteri (~3707 token) | Profilo: standard | Saltati: 1
├░┼©ÔÇØ┬ì Validazione risposta (77 caratteri, lingua=pt)...
├ó┼ôÔÇ£ Validazione SUPERATA (punteggio: 0.81)
   ├░┼©ÔÇ£┼á Classificazione: TECHNICAL (Tono: Professionale)
      Dims: T=0.80 P=0.00 D=0.00 F=0.00
      Emotion=Low, Complex=Low
├░┼©ÔÇ£┬Ø Prompt generato: 11217 caratteri (~2805 token) | Profilo: lite | Saltati: 4
├░┼©ÔÇØ┬ì Validazione risposta (77 caratteri, lingua=it)...
├ó┼ôÔÇ£ Validazione SUPERATA (punteggio: 0.81)
   ├░┼©ÔÇ£┼á Classificazione: TECHNICAL (Tono: Professionale)
      Dims: T=0.00 P=0.00 D=0.00 F=0.00
      Emotion=Low, Complex=Low
├░┼©ÔÇ£┬Ø Prompt generato: 15909 caratteri (~3978 token) | Profilo: standard | Saltati: 1
├░┼©ÔÇØ┬ì Validazione risposta (58 caratteri, lingua=en)...
├ó┼ôÔÇ£ Validazione SUPERATA (punteggio: 0.81)
   ├░┼©ÔÇ£┼á Classificazione: TECHNICAL (Tono: Professionale)
      Dims: T=0.00 P=0.00 D=0.00 F=0.00
      Emotion=Low, Complex=Low
├░┼©ÔÇ£┬Ø Prompt generato: 15045 caratteri (~3762 token) | Profilo: standard | Saltati: 1
├░┼©ÔÇØ┬ì Validazione risposta (85 caratteri, lingua=es)...
├ó┼ôÔÇ£ Validazione SUPERATA (punteggio: 0.81)
   ├░┼©ÔÇ£┼á Classificazione: TECHNICAL (Tono: Professionale)
      Dims: T=0.00 P=0.00 D=0.00 F=0.00
      Emotion=Low, Complex=Low
├░┼©ÔÇ£┬Ø Prompt generato: 17660 caratteri (~4415 token) | Profilo: standard | Saltati: 1
├░┼©ÔÇØ┬ì Validazione risposta (77 caratteri, lingua=pt)...
├ó┼ôÔÇ£ Validazione SUPERATA (punteggio: 0.85)
   ├░┼©ÔÇ£┼á Classificazione: TECHNICAL (Tono: Professionale)
      Dims: T=0.80 P=0.00 D=0.00 F=0.00
      Emotion=Low, Complex=Low
├░┼©ÔÇ£┬Ø Prompt generato: 8385 caratteri (~2097 token) | Profilo: lite | Saltati: 4
├░┼©ÔÇØ┬ì Validazione risposta (77 caratteri, lingua=it)...
├ó┼ôÔÇ£ Validazione SUPERATA (punteggio: 0.77)
   ├░┼©ÔÇ£┼á Classificazione: TECHNICAL (Tono: Professionale)
      Dims: T=0.00 P=0.00 D=0.00 F=0.00
      Emotion=Low, Complex=Low
├░┼©ÔÇ£┬Ø Prompt generato: 15071 caratteri (~3768 token) | Profilo: standard | Saltati: 1
├░┼©ÔÇØ┬ì Validazione risposta (58 caratteri, lingua=en)...
├ó┼ôÔÇ£ Validazione SUPERATA (punteggio: 0.81)
   ├░┼©ÔÇ£┼á Classificazione: TECHNICAL (Tono: Professionale)
      Dims: T=0.00 P=0.00 D=0.00 F=0.00
      Emotion=Low, Complex=Low
├░┼©ÔÇ£┬Ø Prompt generato: 18713 caratteri (~4679 token) | Profilo: standard | Saltati: 1
├░┼©ÔÇØ┬ì Validazione risposta (85 caratteri, lingua=es)...
├ó┼ôÔÇ£ Validazione SUPERATA (punteggio: 0.85)
   ├░┼©ÔÇ£┼á Classificazione: TECHNICAL (Tono: Professionale)
      Dims: T=0.00 P=0.00 D=0.00 F=0.00
      Emotion=Low, Complex=Low
├░┼©ÔÇ£┬Ø Prompt generato: 14828 caratteri (~3707 token) | Profilo: standard | Saltati: 1
├░┼©ÔÇØ┬ì Validazione risposta (77 caratteri, lingua=pt)...
├ó┼ôÔÇ£ Validazione SUPERATA (punteggio: 0.81)
   ├░┼©ÔÇ£┼á Classificazione: TECHNICAL (Tono: Professionale)
      Dims: T=0.80 P=0.00 D=0.00 F=0.00
      Emotion=Low, Complex=Low
├░┼©ÔÇ£┬Ø Prompt generato: 8385 caratteri (~2097 token) | Profilo: lite | Saltati: 4
├░┼©ÔÇØ┬ì Validazione risposta (77 caratteri, lingua=it)...
├ó┼ôÔÇ£ Validazione SUPERATA (punteggio: 0.77)
   ├░┼©ÔÇ£┼á Classificazione: TECHNICAL (Tono: Professionale)
      Dims: T=0.00 P=0.00 D=0.00 F=0.00
      Emotion=Low, Complex=Low
├░┼©ÔÇ£┬Ø Prompt generato: 17903 caratteri (~4476 token) | Profilo: standard | Saltati: 1
├░┼©ÔÇØ┬ì Validazione risposta (58 caratteri, lingua=en)...
├ó┼ôÔÇ£ Validazione SUPERATA (punteggio: 0.85)
   ├░┼©ÔÇ£┼á Classificazione: TECHNICAL (Tono: Professionale)
      Dims: T=0.00 P=0.00 D=0.00 F=0.00
      Emotion=Low, Complex=Low
├░┼©ÔÇ£┬Ø Prompt generato: 15045 caratteri (~3762 token) | Profilo: standard | Saltati: 1
├░┼©ÔÇØ┬ì Validazione risposta (85 caratteri, lingua=es)...
├ó┼ôÔÇ£ Validazione SUPERATA (punteggio: 0.81)
   ├░┼©ÔÇ£┼á Classificazione: TECHNICAL (Tono: Professionale)
      Dims: T=0.00 P=0.00 D=0.00 F=0.00
      Emotion=Low, Complex=Low
├░┼©ÔÇ£┬Ø Prompt generato: 15664 caratteri (~3916 token) | Profilo: standard | Saltati: 1
├░┼©ÔÇØ┬ì Validazione risposta (77 caratteri, lingua=pt)...
├ó┼ôÔÇ£ Validazione SUPERATA (punteggio: 0.81)
   ├░┼©ÔÇ£┼á Classificazione: TECHNICAL (Tono: Professionale)
      Dims: T=0.80 P=0.00 D=0.00 F=0.00
      Emotion=Low, Complex=Low
├░┼©ÔÇ£┬Ø Prompt generato: 11217 caratteri (~2805 token) | Profilo: lite | Saltati: 4
├░┼©ÔÇØ┬ì Validazione risposta (77 caratteri, lingua=it)...
├ó┼ôÔÇ£ Validazione SUPERATA (punteggio: 0.81)
   ├░┼©ÔÇ£┼á Classificazione: TECHNICAL (Tono: Professionale)
      Dims: T=0.00 P=0.00 D=0.00 F=0.00
      Emotion=Low, Complex=Low
├░┼©ÔÇ£┬Ø Prompt generato: 15071 caratteri (~3768 token) | Profilo: standard | Saltati: 1
├░┼©ÔÇØ┬ì Validazione risposta (58 caratteri, lingua=en)...
├ó┼ôÔÇ£ Validazione SUPERATA (punteggio: 0.81)
   ├░┼©ÔÇ£┼á Classificazione: TECHNICAL (Tono: Professionale)
      Dims: T=0.00 P=0.00 D=0.00 F=0.00
      Emotion=Low, Complex=Low
├░┼©ÔÇ£┬Ø Prompt generato: 15045 caratteri (~3762 token) | Profilo: standard | Saltati: 1
├░┼©ÔÇØ┬ì Validazione risposta (85 caratteri, lingua=es)...
├ó┼ôÔÇ£ Validazione SUPERATA (punteggio: 0.81)
   ├░┼©ÔÇ£┼á Classificazione: TECHNICAL (Tono: Professionale)
      Dims: T=0.00 P=0.00 D=0.00 F=0.00
      Emotion=Low, Complex=Low
├░┼©ÔÇ£┬Ø Prompt generato: 17660 caratteri (~4415 token) | Profilo: standard | Saltati: 1
├░┼©ÔÇØ┬ì Validazione risposta (77 caratteri, lingua=pt)...
├ó┼ôÔÇ£ Validazione SUPERATA (punteggio: 0.85)
   ├░┼©ÔÇ£┼á Classificazione: TECHNICAL (Tono: Professionale)
      Dims: T=0.80 P=0.00 D=0.00 F=0.00
      Emotion=Low, Complex=Low
├░┼©ÔÇ£┬Ø Prompt generato: 9222 caratteri (~2306 token) | Profilo: lite | Saltati: 4
├░┼©ÔÇØ┬ì Validazione risposta (77 caratteri, lingua=it)...
├ó┼ôÔÇ£ Validazione SUPERATA (punteggio: 0.77)
   ├░┼©ÔÇ£┼á Classificazione: TECHNICAL (Tono: Professionale)
      Dims: T=0.00 P=0.00 D=0.00 F=0.00
      Emotion=Low, Complex=Low
├░┼©ÔÇ£┬Ø Prompt generato: 15071 caratteri (~3768 token) | Profilo: standard | Saltati: 1
├░┼©ÔÇØ┬ì Validazione risposta (58 caratteri, lingua=en)...
├ó┼ôÔÇ£ Validazione SUPERATA (punteggio: 0.81)
   ├░┼©ÔÇ£┼á Classificazione: TECHNICAL (Tono: Professionale)
      Dims: T=0.00 P=0.00 D=0.00 F=0.00
      Emotion=Low, Complex=Low
├░┼©ÔÇ£┬Ø Prompt generato: 17877 caratteri (~4470 token) | Profilo: standard | Saltati: 1
├░┼©ÔÇØ┬ì Validazione risposta (85 caratteri, lingua=es)...
├ó┼ôÔÇ£ Validazione SUPERATA (punteggio: 0.85)
   ├░┼©ÔÇ£┼á Classificazione: TECHNICAL (Tono: Professionale)
      Dims: T=0.00 P=0.00 D=0.00 F=0.00
      Emotion=Low, Complex=Low
├░┼©ÔÇ£┬Ø Prompt generato: 14828 caratteri (~3707 token) | Profilo: standard | Saltati: 1
├░┼©ÔÇØ┬ì Validazione risposta (77 caratteri, lingua=pt)...
├ó┼ôÔÇ£ Validazione SUPERATA (punteggio: 0.81)
   ├░┼©ÔÇ£┼á Classificazione: TECHNICAL (Tono: Professionale)
      Dims: T=0.80 P=0.00 D=0.00 F=0.00
      Emotion=Low, Complex=Low
├░┼©ÔÇ£┬Ø Prompt generato: 8385 caratteri (~2097 token) | Profilo: lite | Saltati: 4
├░┼©ÔÇØ┬ì Validazione risposta (77 caratteri, lingua=it)...
├ó┼ôÔÇ£ Validazione SUPERATA (punteggio: 0.77)
   ├░┼©ÔÇ£┼á Classificazione: TECHNICAL (Tono: Professionale)
      Dims: T=0.00 P=0.00 D=0.00 F=0.00
      Emotion=Low, Complex=Low
├░┼©ÔÇ£┬Ø Prompt generato: 18741 caratteri (~4686 token) | Profilo: standard | Saltati: 1
├░┼©ÔÇØ┬ì Validazione risposta (58 caratteri, lingua=en)...
├ó┼ôÔÇ£ Validazione SUPERATA (punteggio: 0.85)
   ├░┼©ÔÇ£┼á Classificazione: TECHNICAL (Tono: Professionale)
      Dims: T=0.00 P=0.00 D=0.00 F=0.00
      Emotion=Low, Complex=Low
├░┼©ÔÇ£┬Ø Prompt generato: 15045 caratteri (~3762 token) | Profilo: standard | Saltati: 1
├░┼©ÔÇØ┬ì Validazione risposta (85 caratteri, lingua=es)...
├ó┼ôÔÇ£ Validazione SUPERATA (punteggio: 0.81)
   ├░┼©ÔÇ£┼á Classificazione: TECHNICAL (Tono: Professionale)
      Dims: T=0.00 P=0.00 D=0.00 F=0.00
      Emotion=Low, Complex=Low
├░┼©ÔÇ£┬Ø Prompt generato: 14828 caratteri (~3707 token) | Profilo: standard | Saltati: 1
├░┼©ÔÇØ┬ì Validazione risposta (77 caratteri, lingua=pt)...
├ó┼ôÔÇ£ Validazione SUPERATA (punteggio: 0.81)
   ├░┼©ÔÇ£┼á Classificazione: TECHNICAL (Tono: Professionale)
      Dims: T=0.80 P=0.00 D=0.00 F=0.00
      Emotion=Low, Complex=Low
├░┼©ÔÇ£┬Ø Prompt generato: 11217 caratteri (~2805 token) | Profilo: lite | Saltati: 4
├░┼©ÔÇØ┬ì Validazione risposta (77 caratteri, lingua=it)...
├ó┼ôÔÇ£ Validazione SUPERATA (punteggio: 0.81)
   ├░┼©ÔÇ£┼á Classificazione: TECHNICAL (Tono: Professionale)
      Dims: T=0.00 P=0.00 D=0.00 F=0.00
      Emotion=Low, Complex=Low
├░┼©ÔÇ£┬Ø Prompt generato: 15071 caratteri (~3768 token) | Profilo: standard | Saltati: 1
├░┼©ÔÇØ┬ì Validazione risposta (58 caratteri, lingua=en)...
├ó┼ôÔÇ£ Validazione SUPERATA (punteggio: 0.81)
   ├░┼©ÔÇ£┼á Classificazione: TECHNICAL (Tono: Professionale)
      Dims: T=0.00 P=0.00 D=0.00 F=0.00
      Emotion=Low, Complex=Low
├░┼©ÔÇ£┬Ø Prompt generato: 15881 caratteri (~3971 token) | Profilo: standard | Saltati: 1
├░┼©ÔÇØ┬ì Validazione risposta (85 caratteri, lingua=es)...
├ó┼ôÔÇ£ Validazione SUPERATA (punteggio: 0.81)
PASS golden set: regressione output strutturale
PASS escapeHtml: neutralizza XSS
node : ƒøæ Bloccato 
tentativo SSRF: 
http://[::1]/admin
In riga:1 car:1
+ node scripts/ci_smo
ke_tests.js > 
test_output.txt 
2>&1; type test_outp 
...
+ ~~~~~~~~~~~~~~~~~~~
~~~~~~~~~~~~~~~~~~~~~
~~~~~~~~~~~~~
    + CategoryInfo   
           : NotSpe  
  cified: (ƒøæ Bl    
occato t...p://[    
::1]/admin:Strin    
g) [], RemoteExc    
eption
    + FullyQualified 
   ErrorId : Native  
  CommandError
 
ƒøæ Bloccato 
tentativo SSRF: 
http://2130706433/
ƒøæ Bloccato 
tentativo SSRF: http:
//localhost@evil.com/
path
ƒøæ Bloccato 
tentativo SSRF 
hostname numerico: ht
tp://0x7f.0x0.0x0.0x1
/admin
PASS sanitizeUrl: blocca IPv6/decimale/userinfo
PASS markdownToHtml: escape-first previene XSS

SUMMARY: 22/22 passed (min: 20)

Ô£à Smoke tests completati con successo.
